// Jest Snapshot v1, https://goo.gl/fbAQLP

exports[`parse compose modifier throw error if compose is mixed with inline modifiers (map, filter, ..)  1`] = `
"Entity \\"test-id\\" has invalid modifiers, when using multiple keys they should be added through the \\"compose\\" property.
Valid modifiers: map, filter.
For more info: https://github.com/ViacomInc/data-point/tree/master/packages/data-point#entity-compose-reducer"
`;

exports[`parse compose modifier throw error if compose is not an array 1`] = `
"Entity \\"test-id\\" compose property is expected to be an instance of Array, but found: { map: '$a' }
For more info: https://github.com/ViacomInc/data-point/tree/master/packages/data-point#entity-compose-reducer"
`;
