// Jest Snapshot v1, https://goo.gl/fbAQLP

exports[`lib It should explicity expose set of methods 1`] = `
Object {
  "create": [Function],
  "createEntity": [Function],
  "createReducerResolver": [Function],
  "helpers": Object {
    "assign": [Function],
    "constant": [Function],
    "filter": [Function],
    "find": [Function],
    "map": [Function],
    "omit": [Function],
    "parallel": [Function],
    "pick": [Function],
    "withDefault": [Function],
  },
  "reducify": [Function],
  "reducifyAll": [Function],
  "resolveEntity": [Function],
}
`;
