// Jest Snapshot v1, https://goo.gl/fbAQLP

exports[`add It should throw error with information if item already exist | error containing spec will return and entity containing spec object 1`] = `
[Error: factory error
Entity "id1": {
  "spec": "mySpec"
}]
`;

exports[`add It should throw error with information if item already exist 1`] = `[Foo: Bar]`;
