// Jest Snapshot v1, https://goo.gl/fbAQLP

exports[` 1`] = `"Reducer functions must have an arity of 2 at most"`;
