// Jest Snapshot v1, https://goo.gl/fbAQLP

exports[`helpers API check what methods are exported in the helpers modules 1`] = `
Object {
  "createAccumulator": [Function],
  "createEntity": [Function],
  "createReducer": [Function],
  "createReducerResolver": [Function],
  "helpers": Object {
    "assign": [Function],
    "constant": [Function],
    "filter": [Function],
    "find": [Function],
    "map": [Function],
    "omit": [Function],
    "parallel": [Function],
    "pick": [Function],
    "withDefault": [Function],
  },
  "isReducer": [Function],
  "mockReducer": [Function],
  "reducify": [Function],
  "reducifyAll": [Function],
  "resolveEntity": [Function],
  "validateEntityModifiers": [Function],
}
`;
