// Jest Snapshot v1, https://goo.gl/fbAQLP

exports[`api 1`] = `
Array [
  "middleware",
  "values",
  "entities",
  "entityTypes",
  "tree",
  "addValue",
  "addEntityType",
  "addEntityTypes",
  "use",
  "addEntities",
  "resolve",
  "transform",
]
`;
