// Jest Snapshot v1, https://goo.gl/fbAQLP

exports[`reducer/reducer-function#getReducerProps should accept a non-empty object 1`] = `
Array [
  Object {
    "path": Array [
      "a1",
    ],
    "transform": ReducerExpression {
      "reducers": Array [
        ReducerPath {
          "asCollection": true,
          "body": [Function],
          "name": "a",
          "type": "ReducerPath",
        },
      ],
      "type": "ReducerExpression",
    },
  },
  Object {
    "path": Array [
      "b1",
      "a2",
    ],
    "transform": ReducerExpression {
      "reducers": Array [
        ReducerPath {
          "asCollection": false,
          "body": [Function],
          "name": "a2",
          "type": "ReducerPath",
        },
        ReducerFunction {
          "body": [Function],
          "type": "ReducerFunction",
        },
      ],
      "type": "ReducerExpression",
    },
  },
  Object {
    "path": Array [
      "b1",
      "b2",
    ],
    "transform": ReducerExpression {
      "reducers": Array [
        ReducerObject {
          "props": Array [
            Object {
              "path": Array [
                "a3",
              ],
              "transform": ReducerExpression {
                "reducers": Array [
                  ReducerEntity {
                    "asCollection": false,
                    "entityType": "transform",
                    "name": "entity-name",
                    "type": "ReducerEntity",
                  },
                ],
                "type": "ReducerExpression",
              },
            },
            Object {
              "path": Array [
                "b3",
              ],
              "transform": ReducerExpression {
                "reducers": Array [
                  ReducerPath {
                    "asCollection": false,
                    "body": [Function],
                    "name": "b1.b2.b3",
                    "type": "ReducerPath",
                  },
                ],
                "type": "ReducerExpression",
              },
            },
          ],
          "type": "ReducerObject",
        },
      ],
      "type": "ReducerExpression",
    },
  },
]
`;
